ARM Linker, 4.1 [Build 894] [Standard]

==============================================================================

Small function inlining results

Inlined function __aeabi_idiv0 from aeabi_idiv0.o at offset 0x154 in aeabi_sdiv.o(.text).
Inlined Instruction: BX       lr
Inlined function __aeabi_idiv0 from aeabi_idiv0.o at offset 0x154 in aeabi_sdiv_div0.o(.text).
Inlined Instruction: BX       lr
Inlined function _platform_pre_stackheap_init from boardinit1.o at offset 0x0 in rtentry2.o(.ARM.Collect$$rtentry$$00000001).
Inlined Instruction: BX       lr
Inlined function _fp_init from fpinit.o at offset 0x2 in libinit.o(.ARM.Collect$$libinit$$00000000).
Inlined Instruction: BX       lr
Inlined function _platform_pre_lib_shutdown from boardshut.o at offset 0x0 in rtexit2.o(.ARM.Collect$$rtexit$$00000001).
Inlined Instruction: BX       lr
Inlined function __ARM_get_argv from no_argv.o at offset 0x2 in argv_veneer.o(.text).
Inlined Instruction: BX       lr
Inlined total of 6 calls.

==============================================================================

Section Cross References

    clk.o(.text) refers to system_m051series.o(.text) for SystemCoreClockUpdate
    clk.o(.text) refers to aeabi_sdiv.o(.text) for __aeabi_uidivmod
    clk.o(.text) refers to system_m051series.o(.data) for SystemCoreClock
    pwm.o(.text) refers to rt_memcpy.o(.emb_text) for __aeabi_memcpy4
    pwm.o(.text) refers to aeabi_sdiv.o(.text) for __aeabi_uidivmod
    pwm.o(.text) refers to system_m051series.o(.text) for SystemCoreClockUpdate
    pwm.o(.text) refers to pwm.o(.constdata) for .constdata
    pwm.o(.text) refers to system_m051series.o(.data) for SystemCoreClock
    timer.o(.text) refers to rt_memcpy.o(.emb_text) for __aeabi_memcpy4
    timer.o(.text) refers to aeabi_sdiv.o(.text) for __aeabi_uidivmod
    timer.o(.text) refers to timer.o(.constdata) for .constdata
    timer.o(.text) refers to system_m051series.o(.data) for SystemCoreClock
    rtx_conf_cm.o(.text) refers to rt_task.o(i.rt_tsk_self) for rt_tsk_self
    rtx_conf_cm.o(.text) refers to rt_mutex.o(i.rt_mut_init) for rt_mut_init
    rtx_conf_cm.o(.text) refers to rtx_conf_cm.o(.bss) for .bss
    rtx_conf_cm.o(.text) refers to libspace.o(.bss) for __libspace_start
    rtx_conf_cm.o(.text) refers to rtx_conf_cm.o(.data) for .data
    rtx_conf_cm.o(.text) refers to rt_mutex.o(i.rt_mut_wait) for rt_mut_wait
    rtx_conf_cm.o(.text) refers to rt_mutex.o(i.rt_mut_release) for rt_mut_release
    rtx_conf_cm.o(.data) refers to rtx_conf_cm.o(.bss) for mp_tmr
    system_m051series.o(.text) refers to aeabi_sdiv.o(.text) for __aeabi_uidivmod
    system_m051series.o(.text) refers to system_m051series.o(.data) for .data
    system_m051series.o(.text) refers to system_m051series.o(.constdata) for .constdata
    startup_m051series.o(STACK) refers (Special) to heapauxi.o(.text) for __use_two_region_memory
    startup_m051series.o(HEAP) refers (Special) to heapauxi.o(.text) for __use_two_region_memory
    startup_m051series.o(RESET) refers (Special) to heapauxi.o(.text) for __use_two_region_memory
    startup_m051series.o(RESET) refers to startup_m051series.o(STACK) for __initial_sp
    startup_m051series.o(RESET) refers to startup_m051series.o(.text) for Reset_Handler
    startup_m051series.o(RESET) refers to hal_cm1.o(.emb_text) for SVC_Handler
    startup_m051series.o(RESET) refers to main.o(.text) for EINT0_IRQHandler
    startup_m051series.o(.text) refers (Special) to heapauxi.o(.text) for __use_two_region_memory
    startup_m051series.o(.text) refers to system_m051series.o(.text) for SystemInit
    startup_m051series.o(.text) refers to __main.o(!!!main) for __main
    startup_m051series.o(.text) refers to startup_m051series.o(HEAP) for Heap_Mem
    startup_m051series.o(.text) refers to startup_m051series.o(STACK) for Stack_Mem
    main.o(.text) refers to rt_mailbox.o(i.rt_mbx_check) for rt_mbx_check
    main.o(.text) refers to rt_mailbox.o(i.isr_mbx_send) for isr_mbx_send
    main.o(.text) refers to lcd.o(.text) for LCD_Init
    main.o(.text) refers to time.o(.text) for Time_Count0
    main.o(.text) refers to key_board.o(.text) for AutoMode_Disp
    main.o(.text) refers to gpio.o(.text) for GPIO_SetMode
    main.o(.text) refers to hongwai.o(.text) for Tim_Config
    main.o(.text) refers to sensor.o(.text) for Auto_Wind
    main.o(.text) refers to main.o(.data) for .data
    main.o(.text) refers to main.o(.bss) for .bss
    main.o(.text) refers to rt_time.o(i.rt_dly_wait) for rt_dly_wait
    main.o(.text) refers to rt_mailbox.o(i.rt_mbx_wait) for rt_mbx_wait
    main.o(.text) refers to rt_mailbox.o(i.rt_mbx_send) for rt_mbx_send
    main.o(.text) refers to sensor.o(.data) for TVOC_State
    main.o(.text) refers to rt_task.o(i.rt_tsk_prio) for rt_tsk_prio
    main.o(.text) refers to rt_mailbox.o(i.rt_mbx_init) for rt_mbx_init
    main.o(.text) refers to rt_task.o(i.rt_tsk_create) for rt_tsk_create
    main.o(.text) refers to rt_task.o(i.rt_tsk_delete) for rt_tsk_delete
[...]
    rtexit2.o(.ARM.Collect$$rtexit$$00000004) refers to sys_exit.o(.text) for _sys_exit
    rtexit2.o(.ARM.exidx) refers to rtexit2.o(.ARM.Collect$$rtexit$$00000001) for .ARM.Collect$$rtexit$$00000001
    rtexit2.o(.ARM.exidx) refers to rtexit2.o(.ARM.Collect$$rtexit$$00000003) for .ARM.Collect$$rtexit$$00000003
    rtexit2.o(.ARM.exidx) refers to rtexit2.o(.ARM.Collect$$rtexit$$00000004) for .ARM.Collect$$rtexit$$00000004
    __raise.o(.text) refers to defsig.o(CL$$defsig) for __default_signal_handler
    defsig_general.o(.text) refers to retarget.o(.text) for _ttywrch
    defsig.o(CL$$defsig) refers to defsig_fpe_inner.o(.text) for __rt_SIGFPE_inner
    defsig.o(CL$$defsig) refers to defsig_rtmem_inner.o(.text) for __rt_SIGRTMEM_inner
    _get_argv_nomalloc.o(.text) refers (Special) to hrguard.o(.text) for __heap_region$guard
    _get_argv_nomalloc.o(.text) refers to defsig_rtmem_outer.o(.text) for __rt_SIGRTMEM
    _get_argv_nomalloc.o(.text) refers to sys_command.o(.text) for _sys_command_string
    libshutdown.o(.ARM.Collect$$libshutdown$$00000000) refers (Special) to libshutdown2.o(.ARM.Collect$$libshutdown$$00000006) for __rt_lib_shutdown_fp_trap_1
    libshutdown.o(.ARM.Collect$$libshutdown$$00000000) refers (Special) to libshutdown2.o(.ARM.Collect$$libshutdown$$0000000E) for __rt_lib_shutdown_heap_1
    libshutdown.o(.ARM.Collect$$libshutdown$$00000000) refers (Special) to libshutdown2.o(.ARM.Collect$$libshutdown$$0000000F) for __rt_lib_shutdown_return
    libshutdown.o(.ARM.Collect$$libshutdown$$00000000) refers (Special) to libshutdown2.o(.ARM.Collect$$libshutdown$$00000009) for __rt_lib_shutdown_signal_1
    libshutdown.o(.ARM.Collect$$libshutdown$$00000000) refers (Special) to libshutdown2.o(.ARM.Collect$$libshutdown$$00000003) for __rt_lib_shutdown_stdio_1
    libshutdown.o(.ARM.Collect$$libshutdown$$00000000) refers (Special) to libshutdown2.o(.ARM.Collect$$libshutdown$$0000000B) for __rt_lib_shutdown_user_alloc_1
    sys_command.o(.text) refers (Special) to use_no_semi.o(.text) for __I$use$semihosting
    sys_command.o(.text) refers (Special) to indicate_semi.o(.text) for __semihosting_library_function
    defsig_abrt_inner.o(.text) refers to defsig_general.o(.text) for __default_signal_display
    defsig_rtred_inner.o(.text) refers to defsig_general.o(.text) for __default_signal_display
    defsig_rtmem_inner.o(.text) refers to defsig_general.o(.text) for __default_signal_display
    defsig_rtmem_outer.o(.text) refers to defsig_rtmem_inner.o(.text) for __rt_SIGRTMEM_inner
    defsig_rtmem_outer.o(.text) refers to defsig_exit.o(.text) for __sig_exit
    defsig_rtmem_formal.o(.text) refers to rt_raise.o(.text) for __rt_raise
    defsig_stak_inner.o(.text) refers to defsig_general.o(.text) for __default_signal_display
    defsig_pvfn_inner.o(.text) refers to defsig_general.o(.text) for __default_signal_display
    defsig_cppl_inner.o(.text) refers to defsig_general.o(.text) for __default_signal_display
    defsig_segv_inner.o(.text) refers to defsig_general.o(.text) for __default_signal_display
    defsig_other.o(.text) refers to defsig_general.o(.text) for __default_signal_display


==============================================================================

Removing Unused input sections from the image.

    Removing retarget.o(.rev16_text), (4 bytes).
    Removing retarget.o(.revsh_text), (4 bytes).
    Removing retarget.o(.text), (88 bytes).
    Removing retarget.o(.data), (4 bytes).
    Removing retarget.o(.data), (4 bytes).
    Removing adc.o(.rev16_text), (4 bytes).
    Removing adc.o(.revsh_text), (4 bytes).
    Removing clk.o(.rev16_text), (4 bytes).
    Removing clk.o(.revsh_text), (4 bytes).
    Removing gpio.o(.rev16_text), (4 bytes).
    Removing gpio.o(.revsh_text), (4 bytes).
    Removing pwm.o(.rev16_text), (4 bytes).
    Removing pwm.o(.revsh_text), (4 bytes).
    Removing pwm.o(.text), (1224 bytes).
    Removing pwm.o(.constdata), (168 bytes).
    Removing sys.o(.rev16_text), (4 bytes).
    Removing sys.o(.revsh_text), (4 bytes).
    Removing sys.o(.text), (164 bytes).
    Removing timer.o(.rev16_text), (4 bytes).
    Removing timer.o(.revsh_text), (4 bytes).
    Removing system_m051series.o(.rev16_text), (4 bytes).
    Removing system_m051series.o(.revsh_text), (4 bytes).
    Removing main.o(.rev16_text), (4 bytes).
    Removing main.o(.revsh_text), (4 bytes).
    Removing main.o(.data), (1 bytes).
    Removing main.o(.data), (1 bytes).
    Removing main.o(.data), (4 bytes).
    Removing main.o(.data), (4 bytes).
    Removing main.o(.data), (1 bytes).
    Removing key_board.o(.rev16_text), (4 bytes).
    Removing key_board.o(.revsh_text), (4 bytes).
    Removing lcd.o(.rev16_text), (4 bytes).
    Removing lcd.o(.revsh_text), (4 bytes).
    Removing time.o(.rev16_text), (4 bytes).
    Removing time.o(.revsh_text), (4 bytes).
    Removing sensor.o(.rev16_text), (4 bytes).
    Removing sensor.o(.revsh_text), (4 bytes).
    Removing hongwai.o(.rev16_text), (4 bytes).
    Removing hongwai.o(.revsh_text), (4 bytes).
    Removing rt_task.o(i.rt_tsk_pass), (44 bytes).
    Removing rt_mailbox.o(i.isr_mbx_receive), (74 bytes).
    Removing rt_time.o(i.rt_itv_set), (24 bytes).
    Removing rt_time.o(i.rt_itv_wait), (44 bytes).
    Removing rt_time.o(i.rt_time_get), (12 bytes).
    Removing rt_system.o(.emb_text), (0 bytes).
    Removing rt_system.o(i.rt_resume), (172 bytes).
    Removing rt_system.o(i.rt_suspend), (52 bytes).
    Removing rt_system.o(i.rt_tsk_lock), (84 bytes).
    Removing rt_system.o(i.rt_tsk_unlock), (84 bytes).
    Removing rt_list.o(i.rt_get_same_rdy_prio), (36 bytes).
    Removing rt_membox.o(i._calloc_box), (30 bytes).
    Removing rt_event.o(i.isr_evt_set), (36 bytes).
    Removing rt_event.o(i.rt_evt_clr), (28 bytes).
    Removing rt_event.o(i.rt_evt_get), (12 bytes).
    Removing rt_event.o(i.rt_evt_set), (92 bytes).
    Removing rt_event.o(i.rt_evt_wait), (64 bytes).
    Removing rt_semaphore.o(i.isr_sem_send), (14 bytes).
    Removing rt_semaphore.o(i.rt_sem_init), (12 bytes).
    Removing rt_semaphore.o(i.rt_sem_send), (60 bytes).
    Removing rt_semaphore.o(i.rt_sem_wait), (68 bytes).
    Removing rt_timer.o(i.rt_tmr_create), (80 bytes).
    Removing rt_timer.o(i.rt_tmr_kill), (52 bytes).

62 unused section(s) (total 2949 bytes) removed from the image.

==============================================================================

Image Symbol Table

    Local Symbols

    Symbol Name                              Value     Ov Type        Size  Object(Section)

    RESET                                    0x00000000   Section      192  startup_m051series.o(RESET)
    ../../angel/boardlib.s                   0x00000000   Number         0  boardinit3.o ABSOLUTE
    ../../angel/boardlib.s                   0x00000000   Number         0  boardshut.o ABSOLUTE
    ../../angel/boardlib.s                   0x00000000   Number         0  boardinit1.o ABSOLUTE
    ../../angel/boardlib.s                   0x00000000   Number         0  boardinit2.o ABSOLUTE
    ../../angel/handlers.s                   0x00000000   Number         0  __scatter_copy.o ABSOLUTE
    ../../angel/handlers.s                   0x00000000   Number         0  __scatter_zi.o ABSOLUTE
    ../../angel/kernel.s                     0x00000000   Number         0  rtentry.o ABSOLUTE
    ../../angel/kernel.s                     0x00000000   Number         0  rtentry2.o ABSOLUTE
    ../../angel/kernel.s                     0x00000000   Number         0  rtexit.o ABSOLUTE
    ../../angel/kernel.s                     0x00000000   Number         0  rtentry4.o ABSOLUTE
    ../../angel/kernel.s                     0x00000000   Number         0  rtexit2.o ABSOLUTE
    ../../angel/rt.s                         0x00000000   Number         0  aeabi_idiv0.o ABSOLUTE
    ../../angel/rt.s                         0x00000000   Number         0  aeabi_idiv0_sigfpe.o ABSOLUTE
    ../../angel/rt.s                         0x00000000   Number         0  rt_div0.o ABSOLUTE
    ../../angel/rt.s                         0x00000000   Number         0  rt_raise.o ABSOLUTE
    ../../angel/scatterp.s                   0x00000000   Number         0  __scatter.o ABSOLUTE
    ../../angel/startup.s                    0x00000000   Number         0  __main.o ABSOLUTE
    ../../angel/sys.s                        0x00000000   Number         0  indicate_semi.o ABSOLUTE
    ../../angel/sys.s                        0x00000000   Number         0  use_no_semi.o ABSOLUTE
    ../../angel/sys.s                        0x00000000   Number         0  tempstk.o ABSOLUTE
    ../../angel/sys.s                        0x00000000   Number         0  libspace.o ABSOLUTE
    ../../angel/sys.s                        0x00000000   Number         0  sys_stackheap_outer.o ABSOLUTE
    ../../angel/sysapp.c                     0x00000000   Number         0  sys_exit.o ABSOLUTE
    ../../angel/sysapp.c                     0x00000000   Number         0  sys_command.o ABSOLUTE
    ../../armsys.c                           0x00000000   Number         0  _get_argv_nomalloc.o ABSOLUTE
    ../../armsys.c                           0x00000000   Number         0  no_argv.o ABSOLUTE
    ../../armsys.c                           0x00000000   Number         0  argv_veneer.o ABSOLUTE
    ../../cfplib/fpinit.c                    0x00000000   Number         0  fpinit.o ABSOLUTE
    ../../division.s                         0x00000000   Number         0  aeabi_sdiv.o ABSOLUTE
    ../../division.s                         0x00000000   Number         0  aeabi_sdiv_div0.o ABSOLUTE
    ../../heapalloc.c                        0x00000000   Number         0  hrguard.o ABSOLUTE
    ../../heapaux.c                          0x00000000   Number         0  heapauxi.o ABSOLUTE
    ../../libinit.s                          0x00000000   Number         0  libshutdown.o ABSOLUTE
    ../../libinit.s                          0x00000000   Number         0  libinit.o ABSOLUTE
    ../../libinit.s                          0x00000000   Number         0  libshutdown2.o ABSOLUTE
    ../../libinit.s                          0x00000000   Number         0  libinit2.o ABSOLUTE
    ../../memcpset.c                         0x00000000   Number         0  rt_memcpy.o ABSOLUTE
    ../../memcpset.c                         0x00000000   Number         0  rt_memcpy.o ABSOLUTE
    ../../misc.s                             0x00000000   Number         0  printf_stubs.o ABSOLUTE
    ../../signal.c                           0x00000000   Number         0  defsig_exit.o ABSOLUTE
    ../../signal.c                           0x00000000   Number         0  defsig_fpe_inner.o ABSOLUTE
    ../../signal.c                           0x00000000   Number         0  defsig_pvfn_inner.o ABSOLUTE
    ../../signal.c                           0x00000000   Number         0  defsig_general.o ABSOLUTE
    ../../signal.c                           0x00000000   Number         0  defsig_stak_inner.o ABSOLUTE
    ../../signal.c                           0x00000000   Number         0  defsig_rtmem_formal.o ABSOLUTE
    ../../signal.c                           0x00000000   Number         0  defsig_other.o ABSOLUTE
    ../../signal.c                           0x00000000   Number         0  defsig_rtmem_outer.o ABSOLUTE
    ../../signal.c                           0x00000000   Number         0  defsig_segv_inner.o ABSOLUTE
    ../../signal.c                           0x00000000   Number         0  defsig_rtmem_inner.o ABSOLUTE
    ../../signal.c                           0x00000000   Number         0  __raise.o ABSOLUTE
    ../../signal.c                           0x00000000   Number         0  defsig_rtred_inner.o ABSOLUTE
    ../../signal.c                           0x00000000   Number         0  defsig_fpe_formal.o ABSOLUTE
    ../../signal.c                           0x00000000   Number         0  defsig_fpe_outer.o ABSOLUTE
    ../../signal.c                           0x00000000   Number         0  defsig_cppl_inner.o ABSOLUTE
    ../../signal.c                           0x00000000   Number         0  defsig_abrt_inner.o ABSOLUTE
    ../../signal.s                           0x00000000   Number         0  defsig.o ABSOLUTE
    ../../stdlib.c                           0x00000000   Number         0  exit.o ABSOLUTE
    LibM051Series\CMSIS\CM0\DeviceSupport\Nuvoton\M051Series\startup\arm\startup_M051Series.s 0x00000000   Number         0  startup_m051series.o ABSOLUTE
    LibM051Series\CMSIS\CM0\DeviceSupport\Nuvoton\M051Series\system_M051Series.c 0x00000000   Number         0  system_m051series.o ABSOLUTE
    LibM051Series\StdDriver\src\adc.c        0x00000000   Number         0  adc.o ABSOLUTE
    LibM051Series\StdDriver\src\clk.c        0x00000000   Number         0  clk.o ABSOLUTE
    LibM051Series\StdDriver\src\gpio.c       0x00000000   Number         0  gpio.o ABSOLUTE
    LibM051Series\StdDriver\src\pwm.c        0x00000000   Number         0  pwm.o ABSOLUTE
    LibM051Series\StdDriver\src\retarget.c   0x00000000   Number         0  retarget.o ABSOLUTE
    LibM051Series\StdDriver\src\sys.c        0x00000000   Number         0  sys.o ABSOLUTE
    LibM051Series\StdDriver\src\timer.c      0x00000000   Number         0  timer.o ABSOLUTE
    LibM051Series\\CMSIS\\CM0\\DeviceSupport\\Nuvoton\\M051Series\\system_M051Series.c 0x00000000   Number         0  system_m051series.o ABSOLUTE
    LibM051Series\\StdDriver\\src\\adc.c     0x00000000   Number         0  adc.o ABSOLUTE
    LibM051Series\\StdDriver\\src\\clk.c     0x00000000   Number         0  clk.o ABSOLUTE
    LibM051Series\\StdDriver\\src\\gpio.c    0x00000000   Number         0  gpio.o ABSOLUTE
    LibM051Series\\StdDriver\\src\\pwm.c     0x00000000   Number         0  pwm.o ABSOLUTE
    LibM051Series\\StdDriver\\src\\retarget.c 0x00000000   Number         0  retarget.o ABSOLUTE
    LibM051Series\\StdDriver\\src\\sys.c     0x00000000   Number         0  sys.o ABSOLUTE
    LibM051Series\\StdDriver\\src\\timer.c   0x00000000   Number         0  timer.o ABSOLUTE
    RTX_Config\RTX_Conf_CM.c                 0x00000000   Number         0  rtx_conf_cm.o ABSOLUTE
    SRC\CM\HAL_CM1.c                         0x00000000   Number         0  hal_cm1.o ABSOLUTE
    SRC\CM\SVC_Table.s                       0x00000000   Number         0  SVC_Table.o ABSOLUTE
    SRC\CM\rt_Event.c                        0x00000000   Number         0  rt_event.o ABSOLUTE
    SRC\CM\rt_List.c                         0x00000000   Number         0  rt_list.o ABSOLUTE
    SRC\CM\rt_Mailbox.c                      0x00000000   Number         0  rt_mailbox.o ABSOLUTE
    SRC\CM\rt_MemBox.c                       0x00000000   Number         0  rt_membox.o ABSOLUTE
    SRC\CM\rt_Mutex.c                        0x00000000   Number         0  rt_mutex.o ABSOLUTE
    SRC\CM\rt_Robin.c                        0x00000000   Number         0  rt_robin.o ABSOLUTE
    SRC\CM\rt_Semaphore.c                    0x00000000   Number         0  rt_semaphore.o ABSOLUTE
    SRC\CM\rt_System.c                       0x00000000   Number         0  rt_system.o ABSOLUTE
    SRC\CM\rt_Task.c                         0x00000000   Number         0  rt_task.o ABSOLUTE
    SRC\CM\rt_Time.c                         0x00000000   Number         0  rt_time.o ABSOLUTE
    SRC\CM\rt_Timer.c                        0x00000000   Number         0  rt_timer.o ABSOLUTE
    SRC\\CM\\HAL_CM1.c                       0x00000000   Number         0  hal_cm1.o ABSOLUTE
    SRC\\CM\\rt_System.c                     0x00000000   Number         0  rt_system.o ABSOLUTE
    User\Key_Board.c                         0x00000000   Number         0  key_board.o ABSOLUTE
    User\Sensor.c                            0x00000000   Number         0  sensor.o ABSOLUTE
    User\Time.c                              0x00000000   Number         0  time.o ABSOLUTE
    User\\Key_Board.c                        0x00000000   Number         0  key_board.o ABSOLUTE
    User\\Sensor.c                           0x00000000   Number         0  sensor.o ABSOLUTE
    User\\Time.c                             0x00000000   Number         0  time.o ABSOLUTE
    User\\hongwai.c                          0x00000000   Number         0  hongwai.o ABSOLUTE
    User\\lcd.c                              0x00000000   Number         0  lcd.o ABSOLUTE
    User\\main.c                             0x00000000   Number         0  main.o ABSOLUTE
    User\hongwai.c                           0x00000000   Number         0  hongwai.o ABSOLUTE
    User\lcd.c                               0x00000000   Number         0  lcd.o ABSOLUTE
    User\main.c                              0x00000000   Number         0  main.o ABSOLUTE
    !!!main                                  0x000000c0   Section        8  __main.o(!!!main)
    !!!scatter                               0x000000c8   Section       60  __scatter.o(!!!scatter)
    !!handler_copy                           0x00000104   Section       26  __scatter_copy.o(!!handler_copy)
    !!handler_zi                             0x00000120   Section       28  __scatter_zi.o(!!handler_zi)
    .ARM.Collect$$libinit$$00000000          0x0000013c   Section        6  libinit.o(.ARM.Collect$$libinit$$00000000)
    .ARM.Collect$$libinit$$00000006          0x00000142   Section        0  libinit2.o(.ARM.Collect$$libinit$$00000006)
    .ARM.Collect$$libinit$$00000008          0x00000142   Section        0  libinit2.o(.ARM.Collect$$libinit$$00000008)
    .ARM.Collect$$libinit$$0000000A          0x00000142   Section        0  libinit2.o(.ARM.Collect$$libinit$$0000000A)
    .ARM.Collect$$libinit$$0000000D          0x00000142   Section        0  libinit2.o(.ARM.Collect$$libinit$$0000000D)
    .ARM.Collect$$libinit$$0000000F          0x00000142   Section        0  libinit2.o(.ARM.Collect$$libinit$$0000000F)
    .ARM.Collect$$libinit$$00000011          0x00000142   Section        0  libinit2.o(.ARM.Collect$$libinit$$00000011)
    .ARM.Collect$$libinit$$00000013          0x00000142   Section        0  libinit2.o(.ARM.Collect$$libinit$$00000013)
    .ARM.Collect$$libinit$$00000015          0x00000142   Section        0  libinit2.o(.ARM.Collect$$libinit$$00000015)
    .ARM.Collect$$libinit$$00000017          0x00000142   Section        0  libinit2.o(.ARM.Collect$$libinit$$00000017)
    .ARM.Collect$$libinit$$00000019          0x00000142   Section        0  libinit2.o(.ARM.Collect$$libinit$$00000019)
    .ARM.Collect$$libinit$$0000001B          0x00000142   Section        0  libinit2.o(.ARM.Collect$$libinit$$0000001B)
    .ARM.Collect$$libinit$$0000001D          0x00000142   Section        0  libinit2.o(.ARM.Collect$$libinit$$0000001D)
    .ARM.Collect$$libinit$$0000001F          0x00000142   Section        0  libinit2.o(.ARM.Collect$$libinit$$0000001F)
    .ARM.Collect$$libinit$$00000021          0x00000142   Section        0  libinit2.o(.ARM.Collect$$libinit$$00000021)
    .ARM.Collect$$libinit$$00000028          0x00000142   Section        0  libinit2.o(.ARM.Collect$$libinit$$00000028)
    .ARM.Collect$$libinit$$0000002A          0x00000142   Section        0  libinit2.o(.ARM.Collect$$libinit$$0000002A)
    .ARM.Collect$$libinit$$0000002C          0x00000142   Section        0  libinit2.o(.ARM.Collect$$libinit$$0000002C)
    .ARM.Collect$$libinit$$0000002E          0x00000142   Section        0  libinit2.o(.ARM.Collect$$libinit$$0000002E)
    .ARM.Collect$$libinit$$0000002F          0x00000142   Section        2  libinit2.o(.ARM.Collect$$libinit$$0000002F)
    .ARM.Collect$$libshutdown$$00000000      0x00000144   Section        2  libshutdown.o(.ARM.Collect$$libshutdown$$00000000)
    .ARM.Collect$$libshutdown$$00000003      0x00000146   Section        0  libshutdown2.o(.ARM.Collect$$libshutdown$$00000003)
    .ARM.Collect$$libshutdown$$00000006      0x00000146   Section        0  libshutdown2.o(.ARM.Collect$$libshutdown$$00000006)
    .ARM.Collect$$libshutdown$$00000009      0x00000146   Section        0  libshutdown2.o(.ARM.Collect$$libshutdown$$00000009)
    .ARM.Collect$$libshutdown$$0000000B      0x00000146   Section        0  libshutdown2.o(.ARM.Collect$$libshutdown$$0000000B)
    .ARM.Collect$$libshutdown$$0000000E      0x00000146   Section        0  libshutdown2.o(.ARM.Collect$$libshutdown$$0000000E)
    .ARM.Collect$$libshutdown$$0000000F      0x00000146   Section        2  libshutdown2.o(.ARM.Collect$$libshutdown$$0000000F)
    .ARM.Collect$$rtentry$$00000000          0x00000148   Section        0  rtentry.o(.ARM.Collect$$rtentry$$00000000)
    .ARM.Collect$$rtentry$$00000002          0x00000148   Section        0  rtentry2.o(.ARM.Collect$$rtentry$$00000002)
    .ARM.Collect$$rtentry$$00000004          0x00000148   Section        6  rtentry4.o(.ARM.Collect$$rtentry$$00000004)
    .ARM.Collect$$rtentry$$00000009          0x0000014e   Section        0  rtentry2.o(.ARM.Collect$$rtentry$$00000009)
    .ARM.Collect$$rtentry$$0000000A          0x0000014e   Section        4  rtentry2.o(.ARM.Collect$$rtentry$$0000000A)
    .ARM.Collect$$rtentry$$0000000C          0x00000152   Section        0  rtentry2.o(.ARM.Collect$$rtentry$$0000000C)
    .ARM.Collect$$rtentry$$0000000D          0x00000152   Section        8  rtentry2.o(.ARM.Collect$$rtentry$$0000000D)
    .ARM.Collect$$rtexit$$00000000           0x0000015a   Section        2  rtexit.o(.ARM.Collect$$rtexit$$00000000)
    .ARM.Collect$$rtexit$$00000002           0x0000015c   Section        0  rtexit2.o(.ARM.Collect$$rtexit$$00000002)
    .ARM.Collect$$rtexit$$00000003           0x0000015c   Section        4  rtexit2.o(.ARM.Collect$$rtexit$$00000003)
    .ARM.Collect$$rtexit$$00000004           0x00000160   Section        6  rtexit2.o(.ARM.Collect$$rtexit$$00000004)
    .emb_text                                0x00000168   Section      392  hal_cm1.o(.emb_text)
    .emb_text                                0x000002f0   Section       56  rt_memcpy.o(.emb_text)
    .text                                    0x00000328   Section        0  adc.o(.text)
    .text                                    0x000003f4   Section        0  clk.o(.text)
    .text                                    0x000006dc   Section        0  gpio.o(.text)
    .text                                    0x00000738   Section        0  timer.o(.text)
    .text                                    0x00000908   Section        0  rtx_conf_cm.o(.text)
    __tagsym$$used                           0x0000094d   Number         0  rtx_conf_cm.o(.text)
    __tagsym$$used                           0x00000965   Number         0  rtx_conf_cm.o(.text)
    .text                                    0x00000998   Section        0  system_m051series.o(.text)
    .text                                    0x00000a2c   Section      100  startup_m051series.o(.text)
    Default_Handler                          0x00000a57   Thumb Code     2  startup_m051series.o(.text)
    .text                                    0x00000a90   Section        0  main.o(.text)
    .text                                    0x00000fb0   Section        0  key_board.o(.text)
    .text                                    0x00001a44   Section        0  lcd.o(.text)
    .text                                    0x00001dbc   Section        0  time.o(.text)
    .text                                    0x00002008   Section        0  sensor.o(.text)
    Read_Byte                                0x00002287   Thumb Code    70  sensor.o(.text)
    DHT11_Mode_Out_PP                        0x0000234b   Thumb Code    14  sensor.o(.text)
    .text                                    0x0000238c   Section        0  hongwai.o(.text)
    NVIC_EnableIRQ                           0x00002419   Thumb Code    14  hongwai.o(.text)
    .text                                    0x00002444   Section        8  libspace.o(.text)
    .text                                    0x0000244c   Section      346  aeabi_sdiv.o(.text)
    .text                                    0x000025a6   Section        0  heapauxi.o(.text)
    .text                                    0x000025ac   Section       62  sys_stackheap_outer.o(.text)
    .text                                    0x000025ea   Section        0  exit.o(.text)
    .text                                    0x000025f8   Section        0  sys_exit.o(.text)
    .text                                    0x00002604   Section        2  use_no_semi.o(.text)
    .text                                    0x00002606   Section        0  indicate_semi.o(.text)
    SVC_TABLE                                0x00002608   Section        4  SVC_Table.o(SVC_TABLE)
    i.__ARM_common_switch8                   0x0000260c   Section        0  key_board.o(i.__ARM_common_switch8)
    i._init_box                              0x00002626   Section        0  rt_membox.o(i._init_box)
    i.isr_mbx_send                           0x0000266e   Section        0  rt_mailbox.o(i.isr_mbx_send)
    i.os_tick_init                           0x0000267c   Section        0  rt_system.o(i.os_tick_init)
    i.os_tick_irqack                         0x000026a8   Section        0  rt_system.o(i.os_tick_irqack)
    i.rt_alloc_box                           0x000026aa   Section        0  rt_membox.o(i.rt_alloc_box)
    i.rt_block                               0x000026c8   Section        0  rt_task.o(i.rt_block)
    i.rt_chk_robin                           0x00002700   Section        0  rt_robin.o(i.rt_chk_robin)
    i.rt_dec_dly                             0x00002744   Section        0  rt_list.o(i.rt_dec_dly)
    i.rt_dispatch                            0x000027bc   Section        0  rt_task.o(i.rt_dispatch)
    i.rt_dly_wait                            0x000027fc   Section        0  rt_time.o(i.rt_dly_wait)
    i.rt_evt_psh                             0x00002808   Section        0  rt_event.o(i.rt_evt_psh)
    i.rt_free_box                            0x00002854   Section        0  rt_membox.o(i.rt_free_box)
    i.rt_get_first                           0x0000287a   Section        0  rt_list.o(i.rt_get_first)
    i.rt_init_context                        0x000028a4   Section        0  rt_task.o(i.rt_init_context)
    rt_init_context                          0x000028a5   Thumb Code    64  rt_task.o(i.rt_init_context)
    i.rt_init_robin                          0x000028e8   Section        0  rt_robin.o(i.rt_init_robin)
    i.rt_init_stack                          0x00002900   Section        0  hal_cm1.o(i.rt_init_stack)
    i.rt_mbx_check                           0x0000294c   Section        0  rt_mailbox.o(i.rt_mbx_check)
    i.rt_mbx_init                            0x00002954   Section        0  rt_mailbox.o(i.rt_mbx_init)
    i.rt_mbx_psh                             0x00002974   Section        0  rt_mailbox.o(i.rt_mbx_psh)
    i.rt_mbx_send                            0x00002a20   Section        0  rt_mailbox.o(i.rt_mbx_send)
    i.rt_mbx_wait                            0x00002abc   Section        0  rt_mailbox.o(i.rt_mbx_wait)
    i.rt_mut_init                            0x00002b6c   Section        0  rt_mutex.o(i.rt_mut_init)
    i.rt_mut_release                         0x00002b7c   Section        0  rt_mutex.o(i.rt_mut_release)
    i.rt_mut_wait                            0x00002c24   Section        0  rt_mutex.o(i.rt_mut_wait)
    i.rt_pop_req                             0x00002c90   Section        0  rt_system.o(i.rt_pop_req)
    i.rt_psh_req                             0x00002d00   Section        0  rt_system.o(i.rt_psh_req)
    i.rt_psq_enq                             0x00002d20   Section        0  rt_list.o(i.rt_psq_enq)
    i.rt_put_dly                             0x00002d60   Section        0  rt_list.o(i.rt_put_dly)
    i.rt_put_prio                            0x00002db0   Section        0  rt_list.o(i.rt_put_prio)
    i.rt_put_rdy_first                       0x00002dec   Section        0  rt_list.o(i.rt_put_rdy_first)
    i.rt_resort_prio                         0x00002e00   Section        0  rt_list.o(i.rt_resort_prio)
    i.rt_rmv_dly                             0x00002e30   Section        0  rt_list.o(i.rt_rmv_dly)
    i.rt_rmv_list                            0x00002e5c   Section        0  rt_list.o(i.rt_rmv_list)
    i.rt_sem_psh                             0x00002e90   Section        0  rt_semaphore.o(i.rt_sem_psh)
    i.rt_stk_check                           0x00002ec4   Section        0  rt_system.o(i.rt_stk_check)
    i.rt_switch_req                          0x00002eec   Section        0  rt_task.o(i.rt_switch_req)
    i.rt_sys_init                            0x00002efc   Section        0  rt_task.o(i.rt_sys_init)
    i.rt_systick                             0x00003024   Section        0  rt_system.o(i.rt_systick)
    i.rt_tmr_tick                            0x00003060   Section        0  rt_timer.o(i.rt_tmr_tick)
    i.rt_tsk_create                          0x000030a0   Section        0  rt_task.o(i.rt_tsk_create)
    i.rt_tsk_delete                          0x0000311c   Section        0  rt_task.o(i.rt_tsk_delete)
    i.rt_tsk_prio                            0x000031b8   Section        0  rt_task.o(i.rt_tsk_prio)
    i.rt_tsk_self                            0x0000323c   Section        0  rt_task.o(i.rt_tsk_self)
    .constdata                               0x0000324c   Section       32  timer.o(.constdata)
    .constdata                               0x0000326c   Section        2  rtx_conf_cm.o(.constdata)
    .constdata                               0x00003270   Section        4  rtx_conf_cm.o(.constdata)
    .constdata                               0x00003274   Section        4  rtx_conf_cm.o(.constdata)
    .constdata                               0x00003278   Section        4  rtx_conf_cm.o(.constdata)
    .constdata                               0x0000327c   Section        1  rtx_conf_cm.o(.constdata)
    .constdata                               0x00003280   Section        8  rtx_conf_cm.o(.constdata)
    __tagsym$$used                           0x00003280   Number         0  rtx_conf_cm.o(.constdata)
    __tagsym$$used                           0x00003284   Number         0  rtx_conf_cm.o(.constdata)
    .constdata                               0x00003288   Section        2  rtx_conf_cm.o(.constdata)
    .constdata                               0x0000328c   Section        4  rtx_conf_cm.o(.constdata)
    .constdata                               0x00003290   Section        1  rtx_conf_cm.o(.constdata)
    .constdata                               0x00003292   Section        2  rtx_conf_cm.o(.constdata)
    .constdata                               0x00003294   Section       32  system_m051series.o(.constdata)
    .constdata                               0x000032b4   Section       20  lcd.o(.constdata)
    .data                                    0x20000000   Section        4  rtx_conf_cm.o(.data)
    .data                                    0x20000004   Section        4  rtx_conf_cm.o(.data)
    nr_mutex                                 0x20000004   Data           4  rtx_conf_cm.o(.data)
    .data                                    0x20000008   Section       12  system_m051series.o(.data)
    .data                                    0x20000014   Section       29  main.o(.data)
    .data                                    0x20000031   Section        1  main.o(.data)
    .data                                    0x20000034   Section        4  main.o(.data)
    .data                                    0x20000038   Section        1  main.o(.data)
    .data                                    0x20000039   Section        1  main.o(.data)
    .data                                    0x2000003c   Section        4  main.o(.data)
    .data                                    0x20000040   Section        4  main.o(.data)
    .data                                    0x20000044   Section        4  main.o(.data)
    .data                                    0x20000048   Section        1  main.o(.data)
    .data                                    0x20000049   Section        1  main.o(.data)
    .data                                    0x2000004c   Section        4  main.o(.data)
    .data                                    0x20000050   Section        4  main.o(.data)
    .data                                    0x20000054   Section        1  main.o(.data)
    .data                                    0x20000058   Section        4  main.o(.data)
    .data                                    0x2000005c   Section        1  main.o(.data)
    .data                                    0x2000005d   Section       14  key_board.o(.data)
    .data                                    0x2000006c   Section        8  sensor.o(.data)
    .data                                    0x20000074   Section        8  rt_task.o(.data)
    .data                                    0x2000007c   Section        4  rt_time.o(.data)
    .data                                    0x20000080   Section        8  rt_system.o(.data)
    os_lock                                  0x20000080   Data           1  rt_system.o(.data)
    os_psh_flag                              0x20000081   Data           1  rt_system.o(.data)
    pend_flags                               0x20000082   Data           1  rt_system.o(.data)
    .data                                    0x20000088   Section        8  rt_robin.o(.data)
    .data                                    0x20000090   Section        8  rt_timer.o(.data)
    .bss                                     0x20000098   Section      348  rtx_conf_cm.o(.bss)
    .bss                                     0x200001f8   Section     1616  rtx_conf_cm.o(.bss)
    .bss                                     0x20000848   Section      132  rtx_conf_cm.o(.bss)
    .bss                                     0x200008cc   Section       28  rtx_conf_cm.o(.bss)
    .bss                                     0x200008e8   Section       28  rtx_conf_cm.o(.bss)
    .bss                                     0x20000904   Section      768  rtx_conf_cm.o(.bss)
    std_libspace                             0x20000904   Data         672  rtx_conf_cm.o(.bss)
    std_libmutex                             0x20000ba4   Data          96  rtx_conf_cm.o(.bss)
    .bss                                     0x20000c04   Section      128  main.o(.bss)
    .bss                                     0x20000c84   Section       48  rt_task.o(.bss)
    .bss                                     0x20000cb4   Section       48  rt_list.o(.bss)
    .bss                                     0x20000ce4   Section       96  libspace.o(.bss)
    HEAP                                     0x20000d48   Section        0  startup_m051series.o(HEAP)
    STACK                                    0x20000d48   Section      512  startup_m051series.o(STACK)
    Heap_Mem                                 0x20000d48   Data           0  startup_m051series.o(HEAP)
    Stack_Mem                                0x20000d48   Data         512  startup_m051series.o(STACK)
    __initial_sp                             0x20000f48   Data           0  startup_m051series.o(STACK)

    Global Symbols

    Symbol Name                              Value     Ov Type        Size  Object(Section)

    BuildAttributes$$THM_ISAv3M$S$PE$A:L22$X:L11$S22$IEEE1$IW$USESV6$~STKCKD$USESV7$~SHL$OSPACE$ROPI$EBA8$UX$STANDARDLIB$REQ8$PRES8$EABIv2 0x00000000   Number         0  anon$$obj.o ABSOLUTE
    __ARM_use_no_argv                        0x00000000   Number         0  main.o ABSOLUTE
    __Vectors                                0x00000000   Data           4  startup_m051series.o(RESET)
    _printf_flags                            0x00000000   Number         0  printf_stubs.o ABSOLUTE
    _printf_return_value                     0x00000000   Number         0  printf_stubs.o ABSOLUTE
    _printf_sizespec                         0x00000000   Number         0  printf_stubs.o ABSOLUTE
    _printf_widthprec                        0x00000000   Number         0  printf_stubs.o ABSOLUTE
    __ARM_exceptions_init                     - Undefined Weak Reference
    __alloca_initialize                       - Undefined Weak Reference
    __cpp_initialize__aeabi_                  - Undefined Weak Reference
    __cxa_finalize                            - Undefined Weak Reference
    __rt_locale                               - Undefined Weak Reference
    __sigvec_lookup                           - Undefined Weak Reference
    _atexit_init                              - Undefined Weak Reference
    _call_atexit_fns                          - Undefined Weak Reference
    _clock_init                               - Undefined Weak Reference
    _fp_trap_init                             - Undefined Weak Reference
    _fp_trap_shutdown                         - Undefined Weak Reference
    _get_lc_collate                           - Undefined Weak Reference
    _get_lc_ctype                             - Undefined Weak Reference
    _get_lc_monetary                          - Undefined Weak Reference
    _get_lc_numeric                           - Undefined Weak Reference
    _get_lc_time                              - Undefined Weak Reference
    _getenv_init                              - Undefined Weak Reference
    _handle_redirection                       - Undefined Weak Reference
    _init_alloc                               - Undefined Weak Reference
    _init_user_alloc                          - Undefined Weak Reference
    _initio                                   - Undefined Weak Reference
    _rand_init                                - Undefined Weak Reference
    _signal_finish                            - Undefined Weak Reference
    _signal_init                              - Undefined Weak Reference
    _terminate_alloc                          - Undefined Weak Reference
    _terminate_user_alloc                     - Undefined Weak Reference
    _terminateio                              - Undefined Weak Reference
    __main                                   0x000000c1   Thumb Code     8  __main.o(!!!main)
    __scatterload                            0x000000c9   Thumb Code     0  __scatter.o(!!!scatter)
    __scatterload_rt2                        0x000000c9   Thumb Code    52  __scatter.o(!!!scatter)
    __scatterload_rt2_thumb_only             0x000000c9   Thumb Code     0  __scatter.o(!!!scatter)
    __scatterload_null                       0x000000d9   Thumb Code     0  __scatter.o(!!!scatter)
    __scatterload_copy                       0x00000105   Thumb Code    26  __scatter_copy.o(!!handler_copy)
    __scatterload_zeroinit                   0x00000121   Thumb Code    28  __scatter_zi.o(!!handler_zi)
    __rt_lib_init                            0x0000013d   Thumb Code     0  libinit.o(.ARM.Collect$$libinit$$00000000)
    __rt_lib_init_alloca_1                   0x00000143   Thumb Code     0  libinit2.o(.ARM.Collect$$libinit$$0000002A)
    __rt_lib_init_argv_1                     0x00000143   Thumb Code     0  libinit2.o(.ARM.Collect$$libinit$$00000028)
    __rt_lib_init_atexit_1                   0x00000143   Thumb Code     0  libinit2.o(.ARM.Collect$$libinit$$00000017)
    __rt_lib_init_clock_1                    0x00000143   Thumb Code     0  libinit2.o(.ARM.Collect$$libinit$$0000001D)
    __rt_lib_init_cpp_1                      0x00000143   Thumb Code     0  libinit2.o(.ARM.Collect$$libinit$$0000002E)
    __rt_lib_init_exceptions_1               0x00000143   Thumb Code     0  libinit2.o(.ARM.Collect$$libinit$$0000002C)
    __rt_lib_init_fp_trap_1                  0x00000143   Thumb Code     0  libinit2.o(.ARM.Collect$$libinit$$0000001B)
    __rt_lib_init_getenv_1                   0x00000143   Thumb Code     0  libinit2.o(.ARM.Collect$$libinit$$0000001F)
    __rt_lib_init_heap_1                     0x00000143   Thumb Code     0  libinit2.o(.ARM.Collect$$libinit$$00000006)
    __rt_lib_init_lc_collate_1               0x00000143   Thumb Code     0  libinit2.o(.ARM.Collect$$libinit$$0000000D)
    __rt_lib_init_lc_ctype_1                 0x00000143   Thumb Code     0  libinit2.o(.ARM.Collect$$libinit$$0000000F)
    __rt_lib_init_lc_monetary_1              0x00000143   Thumb Code     0  libinit2.o(.ARM.Collect$$libinit$$00000011)
    __rt_lib_init_lc_numeric_1               0x00000143   Thumb Code     0  libinit2.o(.ARM.Collect$$libinit$$00000013)
    __rt_lib_init_lc_time_1                  0x00000143   Thumb Code     0  libinit2.o(.ARM.Collect$$libinit$$00000015)
    __rt_lib_init_rand_1                     0x00000143   Thumb Code     0  libinit2.o(.ARM.Collect$$libinit$$0000000A)
    __rt_lib_init_return                     0x00000143   Thumb Code     0  libinit2.o(.ARM.Collect$$libinit$$0000002F)
    __rt_lib_init_signal_1                   0x00000143   Thumb Code     0  libinit2.o(.ARM.Collect$$libinit$$00000019)
    __rt_lib_init_stdio_1                    0x00000143   Thumb Code     0  libinit2.o(.ARM.Collect$$libinit$$00000021)
    __rt_lib_init_user_alloc_1               0x00000143   Thumb Code     0  libinit2.o(.ARM.Collect$$libinit$$00000008)
    __rt_lib_shutdown                        0x00000145   Thumb Code     0  libshutdown.o(.ARM.Collect$$libshutdown$$00000000)
    __rt_lib_shutdown_fp_trap_1              0x00000147   Thumb Code     0  libshutdown2.o(.ARM.Collect$$libshutdown$$00000006)
    __rt_lib_shutdown_heap_1                 0x00000147   Thumb Code     0  libshutdown2.o(.ARM.Collect$$libshutdown$$0000000E)
    __rt_lib_shutdown_return                 0x00000147   Thumb Code     0  libshutdown2.o(.ARM.Collect$$libshutdown$$0000000F)
    __rt_lib_shutdown_signal_1               0x00000147   Thumb Code     0  libshutdown2.o(.ARM.Collect$$libshutdown$$00000009)
    __rt_lib_shutdown_stdio_1                0x00000147   Thumb Code     0  libshutdown2.o(.ARM.Collect$$libshutdown$$00000003)
    __rt_lib_shutdown_user_alloc_1           0x00000147   Thumb Code     0  libshutdown2.o(.ARM.Collect$$libshutdown$$0000000B)
    __rt_entry                               0x00000149   Thumb Code     0  rtentry.o(.ARM.Collect$$rtentry$$00000000)
    __rt_entry_presh_1                       0x00000149   Thumb Code     0  rtentry2.o(.ARM.Collect$$rtentry$$00000002)
    __rt_entry_sh                            0x00000149   Thumb Code     0  rtentry4.o(.ARM.Collect$$rtentry$$00000004)
    __rt_entry_li                            0x0000014f   Thumb Code     0  rtentry2.o(.ARM.Collect$$rtentry$$0000000A)
    __rt_entry_postsh_1                      0x0000014f   Thumb Code     0  rtentry2.o(.ARM.Collect$$rtentry$$00000009)
    __rt_entry_main                          0x00000153   Thumb Code     0  rtentry2.o(.ARM.Collect$$rtentry$$0000000D)
    __rt_entry_postli_1                      0x00000153   Thumb Code     0  rtentry2.o(.ARM.Collect$$rtentry$$0000000C)
    __rt_exit                                0x0000015b   Thumb Code     0  rtexit.o(.ARM.Collect$$rtexit$$00000000)
    __rt_exit_ls                             0x0000015d   Thumb Code     0  rtexit2.o(.ARM.Collect$$rtexit$$00000003)
    __rt_exit_prels_1                        0x0000015d   Thumb Code     0  rtexit2.o(.ARM.Collect$$rtexit$$00000002)
    __rt_exit_exit                           0x00000161   Thumb Code     0  rtexit2.o(.ARM.Collect$$rtexit$$00000004)
    rt_set_PSP                               0x00000169   Thumb Code     6  hal_cm1.o(.emb_text)
    rt_get_PSP                               0x0000016f   Thumb Code     6  hal_cm1.o(.emb_text)
    os_set_env                               0x00000175   Thumb Code    32  hal_cm1.o(.emb_text)
    _alloc_box                               0x00000199   Thumb Code    28  hal_cm1.o(.emb_text)
    _free_box                                0x000001b9   Thumb Code    28  hal_cm1.o(.emb_text)
    SVC_Handler                              0x000001d9   Thumb Code   152  hal_cm1.o(.emb_text)
    PendSV_Handler                           0x0000027d   Thumb Code    92  hal_cm1.o(.emb_text)
    SysTick_Handler                          0x000002dd   Thumb Code     8  hal_cm1.o(.emb_text)
    OS_Tick_Handler                          0x000002e5   Thumb Code    12  hal_cm1.o(.emb_text)
    __aeabi_memcpy4                          0x000002f1   Thumb Code    56  rt_memcpy.o(.emb_text)
    __aeabi_memcpy8                          0x000002f1   Thumb Code     0  rt_memcpy.o(.emb_text)
    ADC_Open                                 0x00000329   Thumb Code    28  adc.o(.text)
    ADC_Close                                0x00000345   Thumb Code    22  adc.o(.text)
    ADC_EnableHWTrigger                      0x0000035b   Thumb Code    54  adc.o(.text)
    ADC_DisableHWTrigger                     0x00000391   Thumb Code    14  adc.o(.text)
    ADC_EnableInt                            0x0000039f   Thumb Code    38  adc.o(.text)
    ADC_DisableInt                           0x000003c5   Thumb Code    38  adc.o(.text)
    CLK_DisableModuleClock                   0x000003f5   Thumb Code    24  clk.o(.text)
    CLK_DisableCKO                           0x0000040d   Thumb Code     4  clk.o(.text)
    CLK_SetModuleClock                       0x00000411   Thumb Code    78  clk.o(.text)
    __RL_RTX_VER                             0x00000453   Number         0  rt_system.o ABSOLUTE
    CLK_EnableModuleClock                    0x0000045f   Thumb Code    24  clk.o(.text)
    CLK_EnableCKO                            0x00000477   Thumb Code    36  clk.o(.text)
    CLK_PowerDown                            0x0000049b   Thumb Code    26  clk.o(.text)
    CLK_Idle                                 0x000004b5   Thumb Code    24  clk.o(.text)
    CLK_GetHXTFreq                           0x000004cd   Thumb Code    12  clk.o(.text)
    CLK_GetHCLKFreq                          0x000004d9   Thumb Code    12  clk.o(.text)
    CLK_GetCPUFreq                           0x000004e5   Thumb Code    12  clk.o(.text)
    CLK_SetHCLK                              0x000004f1   Thumb Code    30  clk.o(.text)
    CLK_WaitClockReady                       0x0000050f   Thumb Code    28  clk.o(.text)
    CLK_EnablePLL                            0x0000052b   Thumb Code   266  clk.o(.text)
    CLK_SetCoreClock                         0x00000635   Thumb Code    52  clk.o(.text)
    CLK_SetSysTickClockSrc                   0x00000669   Thumb Code    14  clk.o(.text)
    CLK_EnableXtalRC                         0x00000677   Thumb Code    10  clk.o(.text)
    CLK_DisableXtalRC                        0x00000681   Thumb Code    10  clk.o(.text)
    CLK_DisablePLL                           0x0000068b   Thumb Code    12  clk.o(.text)
    GPIO_SetMode                             0x000006dd   Thumb Code    40  gpio.o(.text)
    GPIO_EnableInt                           0x00000705   Thumb Code    26  gpio.o(.text)
    GPIO_DisableInt                          0x0000071f   Thumb Code    22  gpio.o(.text)
    TIMER_GetModuleClock                     0x00000739   Thumb Code    86  timer.o(.text)
    TIMER_Open                               0x0000078f   Thumb Code    94  timer.o(.text)
    TIMER_Close                              0x000007ed   Thumb Code     8  timer.o(.text)
    TIMER_Delay                              0x000007f5   Thumb Code   172  timer.o(.text)
    TIMER_EnableCapture                      0x000008a1   Thumb Code    20  timer.o(.text)
    TIMER_DisableCapture                     0x000008b5   Thumb Code    10  timer.o(.text)
    TIMER_EnableEventCounter                 0x000008bf   Thumb Code    22  timer.o(.text)
    TIMER_DisableEventCounter                0x000008d5   Thumb Code    12  timer.o(.text)
    os_idle_demon                            0x00000909   Thumb Code     2  rtx_conf_cm.o(.text)
    os_tmr_call                              0x0000090b   Thumb Code     2  rtx_conf_cm.o(.text)
    os_error                                 0x0000090d   Thumb Code     2  rtx_conf_cm.o(.text)
    __user_perthread_libspace                0x0000090f   Thumb Code    26  rtx_conf_cm.o(.text)
    _mutex_initialize                        0x00000929   Thumb Code    36  rtx_conf_cm.o(.text)
    _mutex_acquire                           0x0000094d   Thumb Code    24  rtx_conf_cm.o(.text)
    _mutex_release                           0x00000965   Thumb Code    22  rtx_conf_cm.o(.text)
    SystemCoreClockUpdate                    0x00000999   Thumb Code   116  system_m051series.o(.text)
    SystemInit                               0x00000a0d   Thumb Code     2  system_m051series.o(.text)
    Reset_Handler                            0x00000a2d   Thumb Code    32  startup_m051series.o(.text)
    NMI_Handler                              0x00000a4d   Thumb Code     2  startup_m051series.o(.text)
    HardFault_Handler                        0x00000a4f   Thumb Code     2  startup_m051series.o(.text)
    ACMP01_IRQHandler                        0x00000a57   Thumb Code     0  startup_m051series.o(.text)
    ACMP23_IRQHandler                        0x00000a57   Thumb Code     0  startup_m051series.o(.text)
    ADC_IRQHandler                           0x00000a57   Thumb Code     0  startup_m051series.o(.text)
    BOD_IRQHandler                           0x00000a57   Thumb Code     0  startup_m051series.o(.text)
    EINT1_IRQHandler                         0x00000a57   Thumb Code     0  startup_m051series.o(.text)
    GPIOP0P1_IRQHandler                      0x00000a57   Thumb Code     0  startup_m051series.o(.text)
    GPIOP2P3P4_IRQHandler                    0x00000a57   Thumb Code     0  startup_m051series.o(.text)
    I2C0_IRQHandler                          0x00000a57   Thumb Code     0  startup_m051series.o(.text)
    I2C1_IRQHandler                          0x00000a57   Thumb Code     0  startup_m051series.o(.text)
    PWMA_IRQHandler                          0x00000a57   Thumb Code     0  startup_m051series.o(.text)
    PWMB_IRQHandler                          0x00000a57   Thumb Code     0  startup_m051series.o(.text)
    PWRWU_IRQHandler                         0x00000a57   Thumb Code     0  startup_m051series.o(.text)
    RTC_IRQHandler                           0x00000a57   Thumb Code     0  startup_m051series.o(.text)
    SPI0_IRQHandler                          0x00000a57   Thumb Code     0  startup_m051series.o(.text)
    SPI1_IRQHandler                          0x00000a57   Thumb Code     0  startup_m051series.o(.text)
    TMR3_IRQHandler                          0x00000a57   Thumb Code     0  startup_m051series.o(.text)
    UART0_IRQHandler                         0x00000a57   Thumb Code     0  startup_m051series.o(.text)
    UART1_IRQHandler                         0x00000a57   Thumb Code     0  startup_m051series.o(.text)
    WDT_IRQHandler                           0x00000a57   Thumb Code     0  startup_m051series.o(.text)
    __user_initial_stackheap                 0x00000a59   Thumb Code     0  startup_m051series.o(.text)
    EINT0_IRQHandler                         0x00000a91   Thumb Code   158  main.o(.text)
    TMR0_IRQHandler                          0x00000b2f   Thumb Code    34  main.o(.text)
    TMR1_IRQHandler                          0x00000b51   Thumb Code    76  main.o(.text)
    TMR2_IRQHandler                          0x00000b9d   Thumb Code    48  main.o(.text)
    Task_LcdDisp                             0x00000bcd   Thumb Code    66  main.o(.text)
    Task_IOTogle                             0x00000c0f   Thumb Code   104  main.o(.text)
    Task_KeyProcess                          0x00000c77   Thumb Code   194  main.o(.text)
    Task_KeyScan                             0x00000d39   Thumb Code    50  main.o(.text)
    Task_Sensor                              0x00000d6b   Thumb Code   172  main.o(.text)
    Task_Init                                0x00000e17   Thumb Code   170  main.o(.text)
    SYS_Init                                 0x00000ec1   Thumb Code   164  main.o(.text)
    main                                     0x00000f65   Thumb Code    22  main.o(.text)
    KeyBoard_Init                            0x00000fb1   Thumb Code    48  key_board.o(.text)
    Relay_Init                               0x00000fe1   Thumb Code    78  key_board.o(.text)
    KeyBoard_Scan                            0x0000102f   Thumb Code   166  key_board.o(.text)
    LEDS_OFF                                 0x000010d5   Thumb Code    76  key_board.o(.text)
    Symbols_OFF                              0x00001121   Thumb Code   104  key_board.o(.text)
    Oper_Wind_Low                            0x00001189   Thumb Code    22  key_board.o(.text)
    Oper_Wind_Mid                            0x0000119f   Thumb Code    22  key_board.o(.text)
    Oper_Wind_High                           0x000011b5   Thumb Code    22  key_board.o(.text)
    Set_Wind                                 0x000011cb   Thumb Code   118  key_board.o(.text)
    Oper_Phst_ON                             0x00001241   Thumb Code    24  key_board.o(.text)
    Oper_Phst_OFF                            0x00001259   Thumb Code    24  key_board.o(.text)
    Set_Phst                                 0x00001271   Thumb Code   108  key_board.o(.text)
    Oper_Disi_ON                             0x000012dd   Thumb Code    28  key_board.o(.text)
    Oper_Disi_OFF                            0x000012f9   Thumb Code    30  key_board.o(.text)
    Set_Disi                                 0x00001317   Thumb Code   108  key_board.o(.text)
    Oper_Time_1H                             0x00001383   Thumb Code    54  key_board.o(.text)
    Oper_Time_12H                            0x000013b9   Thumb Code    20  key_board.o(.text)
    Oper_Time_8H                             0x000013cd   Thumb Code    20  key_board.o(.text)
    Oper_Time_4H                             0x000013e1   Thumb Code    18  key_board.o(.text)
    Oper_Time_2H                             0x000013f3   Thumb Code    18  key_board.o(.text)
    Oper_Time_0H                             0x00001405   Thumb Code     8  key_board.o(.text)
    Set_Time                                 0x0000140d   Thumb Code   154  key_board.o(.text)
    Oper_Mode_Manual                         0x000014a7   Thumb Code   122  key_board.o(.text)
    Oper_Mode_Auto                           0x00001521   Thumb Code   110  key_board.o(.text)
    Set_Mode                                 0x0000158f   Thumb Code   110  key_board.o(.text)
    Oper_Power_ON                            0x000015fd   Thumb Code    12  key_board.o(.text)
    AllFlag_Clr                              0x00001609   Thumb Code    56  key_board.o(.text)
    Oper_Power_OFF                           0x00001641   Thumb Code    48  key_board.o(.text)
    Set_Power                                0x00001671   Thumb Code    34  key_board.o(.text)
    LEDS_ON                                  0x00001693   Thumb Code   128  key_board.o(.text)
    Symbols_ON                               0x00001713   Thumb Code   108  key_board.o(.text)
    SelfTest                                 0x0000177f   Thumb Code   290  key_board.o(.text)
    Wind_Disp                                0x000018a1   Thumb Code   240  key_board.o(.text)
    AutoMode_Disp                            0x00001991   Thumb Code   122  key_board.o(.text)
    delay                                    0x00001a45   Thumb Code    12  lcd.o(.text)
    LCD_WrData                               0x00001a51   Thumb Code    50  lcd.o(.text)
    LCD_WrCmd                                0x00001a83   Thumb Code    32  lcd.o(.text)
    LCD_WrOneData                            0x00001aa3   Thumb Code    46  lcd.o(.text)
    LCD_WrAllData                            0x00001ad1   Thumb Code    18  lcd.o(.text)
    LCD_Init                                 0x00001ae3   Thumb Code    92  lcd.o(.text)
    LCD_WrByteData                           0x00001b3f   Thumb Code    44  lcd.o(.text)
    LCD_Oper                                 0x00001b6b   Thumb Code    26  lcd.o(.text)
    Get_LedHigh                              0x00001b85   Thumb Code     4  lcd.o(.text)
    Get_LedLow                               0x00001b89   Thumb Code     6  lcd.o(.text)
    Disp_CountDown                           0x00001b8f   Thumb Code   180  lcd.o(.text)
    Disp_Temp                                0x00001c43   Thumb Code   120  lcd.o(.text)
    Disp_Humi                                0x00001cbb   Thumb Code    88  lcd.o(.text)
    Disp_PM                                  0x00001d13   Thumb Code    46  lcd.o(.text)
    Disp_TVOC                                0x00001d41   Thumb Code    74  lcd.o(.text)
    Time_Count0                              0x00001dbd   Thumb Code    64  time.o(.text)
    Time_Count1                              0x00001dfd   Thumb Code   138  time.o(.text)
    Time_Count2                              0x00001e87   Thumb Code    46  time.o(.text)
    Time_Count3                              0x00001eb5   Thumb Code    90  time.o(.text)
    Time_Count4                              0x00001f0f   Thumb Code   106  time.o(.text)
    Time_Count5                              0x00001f79   Thumb Code    46  time.o(.text)
    ADC_Config                               0x00002009   Thumb Code    28  sensor.o(.text)
    ADC_Convert_PM                           0x00002025   Thumb Code    38  sensor.o(.text)
    ADC_Convert_TVOC                         0x0000204b   Thumb Code    34  sensor.o(.text)
    TVOC_Disp                                0x0000206d   Thumb Code    46  sensor.o(.text)
    Tvoc                                     0x0000209b   Thumb Code   146  sensor.o(.text)
    PM_Disp                                  0x0000212d   Thumb Code    46  sensor.o(.text)
    Delay_us                                 0x0000215b   Thumb Code    20  sensor.o(.text)
    loop                                     0x0000216f   Thumb Code   178  sensor.o(.text)
    Auto_Wind                                0x00002221   Thumb Code    80  sensor.o(.text)
    DHT11_GPIO_Config                        0x00002271   Thumb Code    22  sensor.o(.text)
    Read_DHT11                               0x000022cd   Thumb Code   126  sensor.o(.text)
    Tim_Config                               0x0000238d   Thumb Code    92  hongwai.o(.text)
    HWGPIO_Config                            0x000023e9   Thumb Code    48  hongwai.o(.text)
    __user_libspace                          0x00002445   Thumb Code     8  libspace.o(.text)
    __user_perproc_libspace                  0x00002445   Thumb Code     0  libspace.o(.text)
    __aeabi_uidiv                            0x0000244d   Thumb Code     0  aeabi_sdiv.o(.text)
    __aeabi_uidivmod                         0x0000244d   Thumb Code    20  aeabi_sdiv.o(.text)
    __aeabi_idiv                             0x00002461   Thumb Code     0  aeabi_sdiv.o(.text)
    __aeabi_idivmod                          0x00002461   Thumb Code   326  aeabi_sdiv.o(.text)
    __use_two_region_memory                  0x000025a7   Thumb Code     2  heapauxi.o(.text)
    __rt_heap_escrow$2region                 0x000025a9   Thumb Code     2  heapauxi.o(.text)
    __rt_heap_expand$2region                 0x000025ab   Thumb Code     2  heapauxi.o(.text)
    __user_setup_stackheap                   0x000025ad   Thumb Code    62  sys_stackheap_outer.o(.text)
    exit                                     0x000025eb   Thumb Code    12  exit.o(.text)
    _sys_exit                                0x000025f9   Thumb Code     8  sys_exit.o(.text)
    __I$use$semihosting                      0x00002605   Thumb Code     0  use_no_semi.o(.text)
    __use_no_semihosting_swi                 0x00002605   Thumb Code     2  use_no_semi.o(.text)
    __semihosting_library_function           0x00002607   Thumb Code     0  indicate_semi.o(.text)
    SVC_Count                                0x00002608   Data           4  SVC_Table.o(SVC_TABLE)
    SVC_Table                                0x0000260c   Data           0  SVC_Table.o(SVC_TABLE)
    __ARM_common_switch8                     0x0000260d   Thumb Code    26  key_board.o(i.__ARM_common_switch8)
    _init_box                                0x00002627   Thumb Code    72  rt_membox.o(i._init_box)
    isr_mbx_send                             0x0000266f   Thumb Code    12  rt_mailbox.o(i.isr_mbx_send)
    os_tick_init                             0x0000267d   Thumb Code    32  rt_system.o(i.os_tick_init)
    os_tick_irqack                           0x000026a9   Thumb Code     2  rt_system.o(i.os_tick_irqack)
    rt_alloc_box                             0x000026ab   Thumb Code    30  rt_membox.o(i.rt_alloc_box)
    rt_block                                 0x000026c9   Thumb Code    42  rt_task.o(i.rt_block)
    rt_chk_robin                             0x00002701   Thumb Code    56  rt_robin.o(i.rt_chk_robin)
    rt_dec_dly                               0x00002745   Thumb Code   112  rt_list.o(i.rt_dec_dly)
    rt_dispatch                              0x000027bd   Thumb Code    56  rt_task.o(i.rt_dispatch)
    rt_dly_wait                              0x000027fd   Thumb Code    10  rt_time.o(i.rt_dly_wait)
    rt_evt_psh                               0x00002809   Thumb Code    70  rt_event.o(i.rt_evt_psh)
    rt_free_box                              0x00002855   Thumb Code    38  rt_membox.o(i.rt_free_box)
    rt_get_first                             0x0000287b   Thumb Code    42  rt_list.o(i.rt_get_first)
    rt_init_robin                            0x000028e9   Thumb Code    14  rt_robin.o(i.rt_init_robin)
    rt_init_stack                            0x00002901   Thumb Code    68  hal_cm1.o(i.rt_init_stack)
    rt_mbx_check                             0x0000294d   Thumb Code     8  rt_mailbox.o(i.rt_mbx_check)
    rt_mbx_init                              0x00002955   Thumb Code    28  rt_mailbox.o(i.rt_mbx_init)
    rt_mbx_psh                               0x00002975   Thumb Code   168  rt_mailbox.o(i.rt_mbx_psh)
    rt_mbx_send                              0x00002a21   Thumb Code   152  rt_mailbox.o(i.rt_mbx_send)
    rt_mbx_wait                              0x00002abd   Thumb Code   170  rt_mailbox.o(i.rt_mbx_wait)
    rt_mut_init                              0x00002b6d   Thumb Code    16  rt_mutex.o(i.rt_mut_init)
    rt_mut_release                           0x00002b7d   Thumb Code   158  rt_mutex.o(i.rt_mut_release)
    rt_mut_wait                              0x00002c25   Thumb Code   102  rt_mutex.o(i.rt_mut_wait)
    rt_pop_req                               0x00002c91   Thumb Code    98  rt_system.o(i.rt_pop_req)
    rt_psh_req                               0x00002d01   Thumb Code    24  rt_system.o(i.rt_psh_req)
    rt_psq_enq                               0x00002d21   Thumb Code    60  rt_list.o(i.rt_psq_enq)
    rt_put_dly                               0x00002d61   Thumb Code    74  rt_list.o(i.rt_put_dly)
    rt_put_prio                              0x00002db1   Thumb Code    60  rt_list.o(i.rt_put_prio)
    rt_put_rdy_first                         0x00002ded   Thumb Code    14  rt_list.o(i.rt_put_rdy_first)
    rt_resort_prio                           0x00002e01   Thumb Code    44  rt_list.o(i.rt_resort_prio)
    rt_rmv_dly                               0x00002e31   Thumb Code    42  rt_list.o(i.rt_rmv_dly)
    rt_rmv_list                              0x00002e5d   Thumb Code    46  rt_list.o(i.rt_rmv_list)
    rt_sem_psh                               0x00002e91   Thumb Code    46  rt_semaphore.o(i.rt_sem_psh)
    rt_stk_check                             0x00002ec5   Thumb Code    30  rt_system.o(i.rt_stk_check)
    rt_switch_req                            0x00002eed   Thumb Code    10  rt_task.o(i.rt_switch_req)
    rt_sys_init                              0x00002efd   Thumb Code   216  rt_task.o(i.rt_sys_init)
    rt_systick                               0x00003025   Thumb Code    46  rt_system.o(i.rt_systick)
    rt_tmr_tick                              0x00003061   Thumb Code    56  rt_timer.o(i.rt_tmr_tick)
    rt_tsk_create                            0x000030a1   Thumb Code   108  rt_task.o(i.rt_tsk_create)
    rt_tsk_delete                            0x0000311d   Thumb Code   134  rt_task.o(i.rt_tsk_delete)
    rt_tsk_prio                              0x000031b9   Thumb Code   114  rt_task.o(i.rt_tsk_prio)
    rt_tsk_self                              0x0000323d   Thumb Code    12  rt_task.o(i.rt_tsk_self)
    os_maxtaskrun                            0x0000326c   Data           2  rtx_conf_cm.o(.constdata)
    os_stackinfo                             0x00003270   Data           4  rtx_conf_cm.o(.constdata)
    os_rrobin                                0x00003274   Data           4  rtx_conf_cm.o(.constdata)
    os_trv                                   0x00003278   Data           4  rtx_conf_cm.o(.constdata)
    os_flags                                 0x0000327c   Data           1  rtx_conf_cm.o(.constdata)
    os_clockrate                             0x00003280   Data           4  rtx_conf_cm.o(.constdata)
    os_timernum                              0x00003284   Data           4  rtx_conf_cm.o(.constdata)
    mp_tcb_size                              0x00003288   Data           2  rtx_conf_cm.o(.constdata)
    mp_stk_size                              0x0000328c   Data           4  rtx_conf_cm.o(.constdata)
    os_fifo_size                             0x00003290   Data           1  rtx_conf_cm.o(.constdata)
    mp_tmr_size                              0x00003292   Data           2  rtx_conf_cm.o(.constdata)
    gau32ClkSrcTbl                           0x00003294   Data          32  system_m051series.o(.constdata)
    Led_Normal_Order                         0x000032b4   Data          10  lcd.o(.constdata)
    Led_Inverse_Order                        0x000032be   Data          10  lcd.o(.constdata)
    Region$$Table$$Base                      0x000032c8   Number         0  anon$$obj.o(Region$$Table)
    Region$$Table$$Limit                     0x000032e8   Number         0  anon$$obj.o(Region$$Table)
    m_tmr                                    0x20000000   Data           4  rtx_conf_cm.o(.data)
    SystemCoreClock                          0x20000008   Data           4  system_m051series.o(.data)
    CyclesPerUs                              0x2000000c   Data           4  system_m051series.o(.data)
    PllClock                                 0x20000010   Data           4  system_m051series.o(.data)
    OPER_Flag                                0x20000014   Data           1  main.o(.data)
    SelfTest_flag                            0x20000015   Data           1  main.o(.data)
    Minute_Flag3                             0x20000016   Data           1  main.o(.data)
    TVOCSample_Flag                          0x20000017   Data           1  main.o(.data)
    index                                    0x20000018   Data           1  main.o(.data)
    Remote_Rdy                               0x20000019   Data           1  main.o(.data)
    data                                     0x2000001a   Data           1  main.o(.data)
    Sleep_Flag                               0x2000001b   Data           1  main.o(.data)
    Width                                    0x2000001c   Data           4  main.o(.data)
    Period                                   0x20000020   Data           4  main.o(.data)
    wait                                     0x20000024   Data           4  main.o(.data)
    code                                     0x20000028   Data           4  main.o(.data)
    DHT11_Data                               0x2000002c   Data           5  main.o(.data)
    CountDown_Flag                           0x20000031   Data           1  main.o(.data)
    Count_Down                               0x20000034   Data           4  main.o(.data)
    Minute_Flag0                             0x20000038   Data           1  main.o(.data)
    Second_Flag0                             0x20000039   Data           1  main.o(.data)
    Count0                                   0x2000003c   Data           4  main.o(.data)
    Count1                                   0x20000040   Data           4  main.o(.data)
    Count2                                   0x20000044   Data           4  main.o(.data)
    FiveMinute_Flag                          0x20000048   Data           1  main.o(.data)
    Count2_Flag                              0x20000049   Data           1  main.o(.data)
    Count3                                   0x2000004c   Data           4  main.o(.data)
    Count4                                   0x20000050   Data           4  main.o(.data)
    Count5_Flag                              0x20000054   Data           1  main.o(.data)
    Count5                                   0x20000058   Data           4  main.o(.data)
    FiveMinute5_Flag                         0x2000005c   Data           1  main.o(.data)
    Key_Wind_State                           0x2000005d   Data           1  key_board.o(.data)
    Key_Phst_State                           0x2000005e   Data           1  key_board.o(.data)
    Key_Disi_State                           0x2000005f   Data           1  key_board.o(.data)
    Key_Time_State                           0x20000060   Data           1  key_board.o(.data)
    Key_Mode_State                           0x20000061   Data           1  key_board.o(.data)
    Key_Power_State                          0x20000062   Data           1  key_board.o(.data)
    Wind_High_Flag                           0x20000063   Data           1  key_board.o(.data)
    Wind_Mid_Flag                            0x20000064   Data           1  key_board.o(.data)
    Wind_Low_Flag                            0x20000065   Data           1  key_board.o(.data)
    ManualMode_Flag                          0x20000066   Data           1  key_board.o(.data)
    Disi_Flag                                0x20000067   Data           1  key_board.o(.data)
    Phst_Flag                                0x20000068   Data           1  key_board.o(.data)
    AutoModeDisp_State                       0x20000069   Data           1  key_board.o(.data)
    WindDisp_State                           0x2000006a   Data           1  key_board.o(.data)
    PM_State                                 0x2000006c   Data           1  sensor.o(.data)
    TVOC_State                               0x2000006d   Data           1  sensor.o(.data)
    i32ConversionData                        0x20000070   Data           4  sensor.o(.data)
    os_tsk                                   0x20000074   Data           8  rt_task.o(.data)
    os_time                                  0x2000007c   Data           4  rt_time.o(.data)
    os_tick_irqn                             0x20000084   Data           4  rt_system.o(.data)
    os_robin                                 0x20000088   Data           8  rt_robin.o(.data)
    os_tmr                                   0x20000090   Data           8  rt_timer.o(.data)
    mp_tcb                                   0x20000098   Data         348  rtx_conf_cm.o(.bss)
    mp_stk                                   0x200001f8   Data        1616  rtx_conf_cm.o(.bss)
    os_fifo                                  0x20000848   Data         132  rtx_conf_cm.o(.bss)
    os_active_TCB                            0x200008cc   Data          28  rtx_conf_cm.o(.bss)
    mp_tmr                                   0x200008e8   Data          28  rtx_conf_cm.o(.bss)
    Lcd_Write_Data                           0x20000c04   Data          32  main.o(.bss)
    mbx_key                                  0x20000c24   Data          96  main.o(.bss)
    os_idle_TCB                              0x20000c84   Data          48  rt_task.o(.bss)
    os_rdy                                   0x20000cb4   Data          24  rt_list.o(.bss)
    os_dly                                   0x20000ccc   Data          24  rt_list.o(.bss)
    __libspace_start                         0x20000ce4   Data          96  libspace.o(.bss)
    __temporary_stack_top$libspace           0x20000d44   Data           0  libspace.o(.bss)



==============================================================================

Memory Map of the image

  Image Entry point : 0x00000a2d

  Load Region LR_IROM1 (Base: 0x00000000, Size: 0x00003380, Max: 0x00008000, ABSOLUTE)

    Execution Region ER_IROM1 (Base: 0x00000000, Size: 0x000032e8, Max: 0x00008000, ABSOLUTE)

    Base Addr    Size         Type   Attr      Idx    E Section Name        Object

    0x00000000   0x000000c0   Data   RO          322    RESET               startup_m051series.o
    0x000000c0   0x00000008   Code   RO         1138  * !!!main             c_p.l(__main.o)
    0x000000c8   0x0000003c   Code   RO         1297    !!!scatter          c_p.l(__scatter.o)
    0x00000104   0x0000001a   Code   RO         1299    !!handler_copy      c_p.l(__scatter_copy.o)
    0x0000011e   0x00000002   PAD
    0x00000120   0x0000001c   Code   RO         1301    !!handler_zi        c_p.l(__scatter_zi.o)
    0x0000013c   0x00000006   Code   RO         1176    .ARM.Collect$$libinit$$00000000  c_p.l(libinit.o)
    0x00000142   0x00000000   Code   RO         1188    .ARM.Collect$$libinit$$00000006  c_p.l(libinit2.o)
    0x00000142   0x00000000   Code   RO         1190    .ARM.Collect$$libinit$$00000008  c_p.l(libinit2.o)
    0x00000142   0x00000000   Code   RO         1192    .ARM.Collect$$libinit$$0000000A  c_p.l(libinit2.o)
    0x00000142   0x00000000   Code   RO         1195    .ARM.Collect$$libinit$$0000000D  c_p.l(libinit2.o)
    0x00000142   0x00000000   Code   RO         1197    .ARM.Collect$$libinit$$0000000F  c_p.l(libinit2.o)
    0x00000142   0x00000000   Code   RO         1199    .ARM.Collect$$libinit$$00000011  c_p.l(libinit2.o)
    0x00000142   0x00000000   Code   RO         1201    .ARM.Collect$$libinit$$00000013  c_p.l(libinit2.o)
    0x00000142   0x00000000   Code   RO         1203    .ARM.Collect$$libinit$$00000015  c_p.l(libinit2.o)
    0x00000142   0x00000000   Code   RO         1205    .ARM.Collect$$libinit$$00000017  c_p.l(libinit2.o)
    0x00000142   0x00000000   Code   RO         1207    .ARM.Collect$$libinit$$00000019  c_p.l(libinit2.o)
    0x00000142   0x00000000   Code   RO         1209    .ARM.Collect$$libinit$$0000001B  c_p.l(libinit2.o)
    0x00000142   0x00000000   Code   RO         1211    .ARM.Collect$$libinit$$0000001D  c_p.l(libinit2.o)
    0x00000142   0x00000000   Code   RO         1213    .ARM.Collect$$libinit$$0000001F  c_p.l(libinit2.o)
    0x00000142   0x00000000   Code   RO         1215    .ARM.Collect$$libinit$$00000021  c_p.l(libinit2.o)
    0x00000142   0x00000000   Code   RO         1219    .ARM.Collect$$libinit$$00000028  c_p.l(libinit2.o)
    0x00000142   0x00000000   Code   RO         1221    .ARM.Collect$$libinit$$0000002A  c_p.l(libinit2.o)
    0x00000142   0x00000000   Code   RO         1223    .ARM.Collect$$libinit$$0000002C  c_p.l(libinit2.o)
    0x00000142   0x00000000   Code   RO         1225    .ARM.Collect$$libinit$$0000002E  c_p.l(libinit2.o)
    0x00000142   0x00000002   Code   RO         1226    .ARM.Collect$$libinit$$0000002F  c_p.l(libinit2.o)
    0x00000144   0x00000002   Code   RO         1255    .ARM.Collect$$libshutdown$$00000000  c_p.l(libshutdown.o)
    0x00000146   0x00000000   Code   RO         1282    .ARM.Collect$$libshutdown$$00000003  c_p.l(libshutdown2.o)
    0x00000146   0x00000000   Code   RO         1285    .ARM.Collect$$libshutdown$$00000006  c_p.l(libshutdown2.o)
    0x00000146   0x00000000   Code   RO         1288    .ARM.Collect$$libshutdown$$00000009  c_p.l(libshutdown2.o)
    0x00000146   0x00000000   Code   RO         1290    .ARM.Collect$$libshutdown$$0000000B  c_p.l(libshutdown2.o)
    0x00000146   0x00000000   Code   RO         1293    .ARM.Collect$$libshutdown$$0000000E  c_p.l(libshutdown2.o)
    0x00000146   0x00000002   Code   RO         1294    .ARM.Collect$$libshutdown$$0000000F  c_p.l(libshutdown2.o)
    0x00000148   0x00000000   Code   RO         1140    .ARM.Collect$$rtentry$$00000000  c_p.l(rtentry.o)
    0x00000148   0x00000000   Code   RO         1146    .ARM.Collect$$rtentry$$00000002  c_p.l(rtentry2.o)
    0x00000148   0x00000006   Code   RO         1158    .ARM.Collect$$rtentry$$00000004  c_p.l(rtentry4.o)
    0x0000014e   0x00000000   Code   RO         1148    .ARM.Collect$$rtentry$$00000009  c_p.l(rtentry2.o)
    0x0000014e   0x00000004   Code   RO         1149    .ARM.Collect$$rtentry$$0000000A  c_p.l(rtentry2.o)
    0x00000152   0x00000000   Code   RO         1151    .ARM.Collect$$rtentry$$0000000C  c_p.l(rtentry2.o)
    0x00000152   0x00000008   Code   RO         1152    .ARM.Collect$$rtentry$$0000000D  c_p.l(rtentry2.o)
    0x0000015a   0x00000002   Code   RO         1178    .ARM.Collect$$rtexit$$00000000  c_p.l(rtexit.o)
    0x0000015c   0x00000000   Code   RO         1232    .ARM.Collect$$rtexit$$00000002  c_p.l(rtexit2.o)
    0x0000015c   0x00000004   Code   RO         1233    .ARM.Collect$$rtexit$$00000003  c_p.l(rtexit2.o)
    0x00000160   0x00000006   Code   RO         1234    .ARM.Collect$$rtexit$$00000004  c_p.l(rtexit2.o)
    0x00000166   0x00000002   PAD
    0x00000168   0x00000188   Code   RO          787    .emb_text           RTX_CM1.LIB(hal_cm1.o)
    0x000002f0   0x00000038   Code   RO         1128    .emb_text           c_p.l(rt_memcpy.o)
    0x00000328   0x000000cc   Code   RO          100    .text               adc.o
    0x000003f4   0x000002e8   Code   RO          133    .text               clk.o
    0x000006dc   0x0000005c   Code   RO          157    .text               gpio.o
    0x00000738   0x000001d0   Code   RO          218    .text               timer.o
    0x00000908   0x00000090   Code   RO          237    .text               rtx_conf_cm.o
    0x00000998   0x00000094   Code   RO          278    .text               system_m051series.o
    0x00000a2c   0x00000064   Code   RO          323  * .text               startup_m051series.o
    0x00000a90   0x00000520   Code   RO          329    .text               main.o
    0x00000fb0   0x00000a94   Code   RO          398    .text               key_board.o
    0x00001a44   0x00000378   Code   RO          443    .text               lcd.o
    0x00001dbc   0x0000024c   Code   RO          479    .text               time.o
    0x00002008   0x00000384   Code   RO          515    .text               sensor.o
    0x0000238c   0x000000b8   Code   RO          551    .text               hongwai.o
    0x00002444   0x00000008   Code   RO         1125    .text               c_p.l(libspace.o)
    0x0000244c   0x0000015a   Code   RO         1132    .text               c_p.l(aeabi_sdiv.o)
    0x000025a6   0x00000006   Code   RO         1136    .text               c_p.l(heapauxi.o)
    0x000025ac   0x0000003e   Code   RO         1162    .text               c_p.l(sys_stackheap_outer.o)
    0x000025ea   0x0000000c   Code   RO         1165    .text               c_p.l(exit.o)
    0x000025f6   0x00000002   PAD
    0x000025f8   0x0000000c   Code   RO         1229    .text               c_p.l(sys_exit.o)
    0x00002604   0x00000002   Code   RO         1244    .text               c_p.l(use_no_semi.o)
    0x00002606   0x00000000   Code   RO         1246    .text               c_p.l(indicate_semi.o)
    0x00002606   0x00000002   PAD
    0x00002608   0x00000004   Code   RO         1017    SVC_TABLE           RTX_CM1.LIB(SVC_Table.o)
    0x0000260c   0x0000001a   Code   RO          416    i.__ARM_common_switch8  key_board.o
    0x00002626   0x00000048   Code   RO          988    i._init_box         RTX_CM1.LIB(rt_membox.o)
    0x0000266e   0x0000000c   Code   RO          675    i.isr_mbx_send      RTX_CM1.LIB(rt_mailbox.o)
    0x0000267a   0x00000002   PAD
    0x0000267c   0x0000002c   Code   RO          804    i.os_tick_init      RTX_CM1.LIB(rt_system.o)
    0x000026a8   0x00000002   Code   RO          805    i.os_tick_irqack    RTX_CM1.LIB(rt_system.o)
    0x000026aa   0x0000001e   Code   RO          989    i.rt_alloc_box      RTX_CM1.LIB(rt_membox.o)
    0x000026c8   0x00000038   Code   RO          575    i.rt_block          RTX_CM1.LIB(rt_task.o)
    0x00002700   0x00000044   Code   RO          966    i.rt_chk_robin      RTX_CM1.LIB(rt_robin.o)
    0x00002744   0x00000078   Code   RO          887    i.rt_dec_dly        RTX_CM1.LIB(rt_list.o)
    0x000027bc   0x00000040   Code   RO          576    i.rt_dispatch       RTX_CM1.LIB(rt_task.o)
    0x000027fc   0x0000000a   Code   RO          730    i.rt_dly_wait       RTX_CM1.LIB(rt_time.o)
    0x00002806   0x00000002   PAD
    0x00002808   0x0000004c   Code   RO         1023    i.rt_evt_psh        RTX_CM1.LIB(rt_event.o)
    0x00002854   0x00000026   Code   RO          990    i.rt_free_box       RTX_CM1.LIB(rt_membox.o)
    0x0000287a   0x0000002a   Code   RO          888    i.rt_get_first      RTX_CM1.LIB(rt_list.o)
    0x000028a4   0x00000044   Code   RO          577    i.rt_init_context   RTX_CM1.LIB(rt_task.o)
    0x000028e8   0x00000018   Code   RO          967    i.rt_init_robin     RTX_CM1.LIB(rt_robin.o)
    0x00002900   0x0000004c   Code   RO          788    i.rt_init_stack     RTX_CM1.LIB(hal_cm1.o)
    0x0000294c   0x00000008   Code   RO          676    i.rt_mbx_check      RTX_CM1.LIB(rt_mailbox.o)
    0x00002954   0x00000020   Code   RO          677    i.rt_mbx_init       RTX_CM1.LIB(rt_mailbox.o)
    0x00002974   0x000000ac   Code   RO          678    i.rt_mbx_psh        RTX_CM1.LIB(rt_mailbox.o)
    0x00002a20   0x0000009c   Code   RO          679    i.rt_mbx_send       RTX_CM1.LIB(rt_mailbox.o)
    0x00002abc   0x000000b0   Code   RO          680    i.rt_mbx_wait       RTX_CM1.LIB(rt_mailbox.o)
    0x00002b6c   0x00000010   Code   RO          763    i.rt_mut_init       RTX_CM1.LIB(rt_mutex.o)
    0x00002b7c   0x000000a8   Code   RO          764    i.rt_mut_release    RTX_CM1.LIB(rt_mutex.o)
    0x00002c24   0x0000006c   Code   RO          765    i.rt_mut_wait       RTX_CM1.LIB(rt_mutex.o)
    0x00002c90   0x00000070   Code   RO          806    i.rt_pop_req        RTX_CM1.LIB(rt_system.o)
    0x00002d00   0x00000020   Code   RO          807    i.rt_psh_req        RTX_CM1.LIB(rt_system.o)
    0x00002d20   0x00000040   Code   RO          890    i.rt_psq_enq        RTX_CM1.LIB(rt_list.o)
    0x00002d60   0x00000050   Code   RO          891    i.rt_put_dly        RTX_CM1.LIB(rt_list.o)
    0x00002db0   0x0000003c   Code   RO          892    i.rt_put_prio       RTX_CM1.LIB(rt_list.o)
    0x00002dec   0x00000014   Code   RO          893    i.rt_put_rdy_first  RTX_CM1.LIB(rt_list.o)
    0x00002e00   0x00000030   Code   RO          894    i.rt_resort_prio    RTX_CM1.LIB(rt_list.o)
    0x00002e30   0x0000002a   Code   RO          895    i.rt_rmv_dly        RTX_CM1.LIB(rt_list.o)
    0x00002e5a   0x00000002   PAD
    0x00002e5c   0x00000034   Code   RO          896    i.rt_rmv_list       RTX_CM1.LIB(rt_list.o)
    0x00002e90   0x00000034   Code   RO         1064    i.rt_sem_psh        RTX_CM1.LIB(rt_semaphore.o)
    0x00002ec4   0x00000028   Code   RO          809    i.rt_stk_check      RTX_CM1.LIB(rt_system.o)
    0x00002eec   0x00000010   Code   RO          578    i.rt_switch_req     RTX_CM1.LIB(rt_task.o)
    0x00002efc   0x00000128   Code   RO          579    i.rt_sys_init       RTX_CM1.LIB(rt_task.o)
    0x00003024   0x0000003c   Code   RO          811    i.rt_systick        RTX_CM1.LIB(rt_system.o)
    0x00003060   0x00000040   Code   RO         1100    i.rt_tmr_tick       RTX_CM1.LIB(rt_timer.o)
    0x000030a0   0x0000007c   Code   RO          580    i.rt_tsk_create     RTX_CM1.LIB(rt_task.o)
    0x0000311c   0x0000009c   Code   RO          581    i.rt_tsk_delete     RTX_CM1.LIB(rt_task.o)
    0x000031b8   0x00000084   Code   RO          583    i.rt_tsk_prio       RTX_CM1.LIB(rt_task.o)
    0x0000323c   0x00000010   Code   RO          584    i.rt_tsk_self       RTX_CM1.LIB(rt_task.o)
    0x0000324c   0x00000020   Data   RO          219    .constdata          timer.o
    0x0000326c   0x00000002   Data   RO          244    .constdata          rtx_conf_cm.o
    0x0000326e   0x00000002   PAD
    0x00003270   0x00000004   Data   RO          245    .constdata          rtx_conf_cm.o
    0x00003274   0x00000004   Data   RO          246    .constdata          rtx_conf_cm.o
    0x00003278   0x00000004   Data   RO          247    .constdata          rtx_conf_cm.o
    0x0000327c   0x00000001   Data   RO          248    .constdata          rtx_conf_cm.o
    0x0000327d   0x00000003   PAD
    0x00003280   0x00000008   Data   RO          249    .constdata          rtx_conf_cm.o
    0x00003288   0x00000002   Data   RO          250    .constdata          rtx_conf_cm.o
    0x0000328a   0x00000002   PAD
    0x0000328c   0x00000004   Data   RO          251    .constdata          rtx_conf_cm.o
    0x00003290   0x00000001   Data   RO          252    .constdata          rtx_conf_cm.o
    0x00003291   0x00000001   PAD
    0x00003292   0x00000002   Data   RO          253    .constdata          rtx_conf_cm.o
    0x00003294   0x00000020   Data   RO          279    .constdata          system_m051series.o
    0x000032b4   0x00000014   Data   RO          444    .constdata          lcd.o
    0x000032c8   0x00000020   Data   RO         1295    Region$$Table       anon$$obj.o


    Execution Region RW_IRAM1 (Base: 0x20000000, Size: 0x00000f48, Max: 0x00001000, ABSOLUTE)

    Base Addr    Size         Type   Attr      Idx    E Section Name        Object

    0x20000000   0x00000004   Data   RW          254    .data               rtx_conf_cm.o
    0x20000004   0x00000004   Data   RW          255    .data               rtx_conf_cm.o
    0x20000008   0x0000000c   Data   RW          280    .data               system_m051series.o
    0x20000014   0x0000001d   Data   RW          331    .data               main.o
    0x20000031   0x00000001   Data   RW          332    .data               main.o
    0x20000032   0x00000002   PAD
    0x20000034   0x00000004   Data   RW          333    .data               main.o
    0x20000038   0x00000001   Data   RW          334    .data               main.o
    0x20000039   0x00000001   Data   RW          335    .data               main.o
    0x2000003a   0x00000002   PAD
    0x2000003c   0x00000004   Data   RW          336    .data               main.o
    0x20000040   0x00000004   Data   RW          337    .data               main.o
    0x20000044   0x00000004   Data   RW          339    .data               main.o
    0x20000048   0x00000001   Data   RW          340    .data               main.o
    0x20000049   0x00000001   Data   RW          341    .data               main.o
    0x2000004a   0x00000002   PAD
    0x2000004c   0x00000004   Data   RW          342    .data               main.o
    0x20000050   0x00000004   Data   RW          343    .data               main.o
    0x20000054   0x00000001   Data   RW          344    .data               main.o
    0x20000055   0x00000003   PAD
    0x20000058   0x00000004   Data   RW          345    .data               main.o
    0x2000005c   0x00000001   Data   RW          346    .data               main.o
    0x2000005d   0x0000000e   Data   RW          399    .data               key_board.o
    0x2000006b   0x00000001   PAD
    0x2000006c   0x00000008   Data   RW          516    .data               sensor.o
    0x20000074   0x00000008   Data   RW          586    .data               RTX_CM1.LIB(rt_task.o)
    0x2000007c   0x00000004   Data   RW          734    .data               RTX_CM1.LIB(rt_time.o)
    0x20000080   0x00000008   Data   RW          814    .data               RTX_CM1.LIB(rt_system.o)
    0x20000088   0x00000008   Data   RW          968    .data               RTX_CM1.LIB(rt_robin.o)
    0x20000090   0x00000008   Data   RW         1101    .data               RTX_CM1.LIB(rt_timer.o)
    0x20000098   0x0000015c   Zero   RW          238    .bss                rtx_conf_cm.o
    0x200001f4   0x00000004   PAD
    0x200001f8   0x00000650   Zero   RW          239    .bss                rtx_conf_cm.o
    0x20000848   0x00000084   Zero   RW          240    .bss                rtx_conf_cm.o
    0x200008cc   0x0000001c   Zero   RW          241    .bss                rtx_conf_cm.o
    0x200008e8   0x0000001c   Zero   RW          242    .bss                rtx_conf_cm.o
    0x20000904   0x00000300   Zero   RW          243    .bss                rtx_conf_cm.o
    0x20000c04   0x00000080   Zero   RW          330    .bss                main.o
    0x20000c84   0x00000030   Zero   RW          585    .bss                RTX_CM1.LIB(rt_task.o)
    0x20000cb4   0x00000030   Zero   RW          897    .bss                RTX_CM1.LIB(rt_list.o)
    0x20000ce4   0x00000060   Zero   RW         1126    .bss                c_p.l(libspace.o)
    0x20000d44   0x00000004   PAD
    0x20000d48   0x00000000   Zero   RW          321    HEAP                startup_m051series.o
    0x20000d48   0x00000200   Zero   RW          320    STACK               startup_m051series.o


==============================================================================

Image component sizes


      Code (inc. data)   RO Data    RW Data    ZI Data      Debug   Object Name

       204         10          0          0          0      52527   adc.o
       744         70          0          0          0      10989   clk.o
        92          4          0          0          0       1342   gpio.o
       184         30          0          0          0       9167   hongwai.o
      2734        198          0         14          0       7614   key_board.o
       888         50         20          0          0       5325   lcd.o
      1312        134          0         64        128      24247   main.o
         0          0          0          0          0      54748   retarget.o
       144         30         32          8       2920       9612   rtx_conf_cm.o
       900         52          0          8          0       4211   sensor.o
       100         46        192          0        512        724   startup_m051series.o
       148         30         32         12          0       1937   system_m051series.o
       588         98          0          0          0       1498   time.o
       464         40         32          0          0       3126   timer.o

    ----------------------------------------------------------------------
      8502        792        348        116       3564     187067   Object Totals
         0          0         32          0          0          0   (incl. Generated)
         0          0          8         10          4          0   (incl. Padding)

    ----------------------------------------------------------------------

      Code (inc. data)   RO Data    RW Data    ZI Data      Debug   Library Member Name

         4          4          0          0          0        136   SVC_Table.o
       468         50          0          0          0       1428   hal_cm1.o
        76          6          0          0          0        557   rt_event.o
       528         34          0          0         48       7221   rt_list.o
       556         18          0          0          0       3637   rt_mailbox.o
       140          0          0          0          0       1713   rt_membox.o
       292         16          0          0          0       1697   rt_mutex.o
        92         22          0          8          0        922   rt_robin.o
        52          6          0          0          0        481   rt_semaphore.o
       290         58          0          8          0       2851   rt_system.o
       928        172          0          8         48       7454   rt_task.o
        10          0          0          4          0        548   rt_time.o
        64          8          0          8          0        595   rt_timer.o
         8          0          0          0          0         68   __main.o
        60          8          0          0          0          0   __scatter.o
        26          0          0          0          0          0   __scatter_copy.o
        28          0          0          0          0          0   __scatter_zi.o
       346          0          0          0          0         92   aeabi_sdiv.o
        12          0          0          0          0         64   exit.o
         6          0          0          0          0        136   heapauxi.o
         0          0          0          0          0          0   indicate_semi.o
         6          0          0          0          0          0   libinit.o
         2          0          0          0          0          0   libinit2.o
         2          0          0          0          0          0   libshutdown.o
         2          0          0          0          0          0   libshutdown2.o
         8          4          0          0         96         68   libspace.o
        56          0          0          0          0         68   rt_memcpy.o
         0          0          0          0          0          0   rtentry.o
        12          0          0          0          0          0   rtentry2.o
         6          0          0          0          0          0   rtentry4.o
         2          0          0          0          0          0   rtexit.o
        10          0          0          0          0          0   rtexit2.o
        12          4          0          0          0         60   sys_exit.o
        62          0          0          0          0         80   sys_stackheap_outer.o
         2          0          0          0          0         68   use_no_semi.o

    ----------------------------------------------------------------------
      4182        410          0         36        196      29944   Library Totals
        14          0          0          0          4          0   (incl. Padding)

    ----------------------------------------------------------------------

      Code (inc. data)   RO Data    RW Data    ZI Data      Debug   Library Name

      3500        394          0         36         96      29240   RTX_CM1.LIB
       668         16          0          0         96        704   c_p.l

    ----------------------------------------------------------------------
      4182        410          0         36        196      29944   Library Totals

    ----------------------------------------------------------------------

==============================================================================


      Code (inc. data)   RO Data    RW Data    ZI Data      Debug   

     12684       1202        348        152       3760     213347   Grand Totals
     12684       1202        348        152       3760     213347   ELF Image Totals
     12684       1202        348        152          0          0   ROM Totals

==============================================================================

    Total RO  Size (Code + RO Data)                13032 (  12.73kB)
    Total RW  Size (RW Data + ZI Data)              3912 (   3.82kB)
    Total ROM Size (Code + RO Data + RW Data)      13184 (  12.88kB)

==============================================================================

